V3 3
FL "C:/Documents and Settings/Alumno/Escritorio/Practicas/EstadoAsc/EstadoAsc.vhd" 2016/11/11.12:13:32 M.81d
EN work/EstadoAsc 1478888016 \
      FL "C:/Documents and Settings/Alumno/Escritorio/Practicas/EstadoAsc/EstadoAsc.vhd" \
      PB ieee/std_logic_1164 1290154108 PB ieee/std_logic_arith 1290154109 \
      PB ieee/STD_LOGIC_UNSIGNED 1290154110
AR work/EstadoAsc/Arq_EstadoAsc 1478888017 \
      FL "C:/Documents and Settings/Alumno/Escritorio/Practicas/EstadoAsc/EstadoAsc.vhd" \
      EN work/EstadoAsc 1478888016
