V3 3
FL "C:/Documents and Settings/Alumno/Escritorio/Practicas/ContadorHexa/ContadorHexa.vhd" 2016/11/11.11:36:05 M.81d
EN work/ContadorHexa 1478885972 \
      FL "C:/Documents and Settings/Alumno/Escritorio/Practicas/ContadorHexa/ContadorHexa.vhd" \
      PB ieee/std_logic_1164 1290154108 PB ieee/std_logic_arith 1290154109 \
      PB ieee/STD_LOGIC_UNSIGNED 1290154110
AR work/ContadorHexa/Arq_ContadorHexa 1478885973 \
      FL "C:/Documents and Settings/Alumno/Escritorio/Practicas/ContadorHexa/ContadorHexa.vhd" \
      EN work/ContadorHexa 1478885972
