Release 12.4 - xst M.81d (nt)
Copyright (c) 1995-2010 Xilinx, Inc.  All rights reserved.
--> Parameter TMPDIR set to xst/projnav.tmp


Total REAL time to Xst completion: 0.00 secs
Total CPU time to Xst completion: 0.09 secs
 
--> Parameter xsthdpdir set to xst


Total REAL time to Xst completion: 0.00 secs
Total CPU time to Xst completion: 0.09 secs
 
--> Reading design: ContadorHexa.prj

TABLE OF CONTENTS
  1) Synthesis Options Summary
  2) HDL Compilation
  3) Design Hierarchy Analysis
  4) HDL Analysis
  5) HDL Synthesis
     5.1) HDL Synthesis Report
  6) Advanced HDL Synthesis
     6.1) Advanced HDL Synthesis Report
  7) Low Level Synthesis
  8) Partition Report
  9) Final Report
	9.1) Device utilization summary
	9.2) Partition Resource Summary
	9.3) TIMING REPORT


=========================================================================
*                      Synthesis Options Summary                        *
=========================================================================
---- Source Parameters
Input File Name                    : "ContadorHexa.prj"
Input Format                       : mixed
Ignore Synthesis Constraint File   : NO

---- Target Parameters
Output File Name                   : "ContadorHexa"
Output Format                      : NGC
Target Device                      : xc3s500e-5-fg320

---- Source Options
Top Module Name                    : ContadorHexa
Automatic FSM Extraction           : YES
FSM Encoding Algorithm             : Auto
Safe Implementation                : No
FSM Style                          : LUT
RAM Extraction                     : Yes
RAM Style                          : Auto
ROM Extraction                     : Yes
Mux Style                          : Auto
Decoder Extraction                 : YES
Priority Encoder Extraction        : Yes
Shift Register Extraction          : YES
Logical Shifter Extraction         : YES
XOR Collapsing                     : YES
ROM Style                          : Auto
Mux Extraction                     : Yes
Resource Sharing                   : YES
Asynchronous To Synchronous        : NO
Multiplier Style                   : Auto
Automatic Register Balancing       : No

---- Target Options
Add IO Buffers                     : YES
Global Maximum Fanout              : 500
Add Generic Clock Buffer(BUFG)     : 24
Register Duplication               : YES
Slice Packing                      : YES
Optimize Instantiated Primitives   : NO
Use Clock Enable                   : Yes
Use Synchronous Set                : Yes
Use Synchronous Reset              : Yes
Pack IO Registers into IOBs        : Auto
Equivalent register Removal        : YES

---- General Options
Optimization Goal                  : Speed
Optimization Effort                : 1
Keep Hierarchy                     : No
Netlist Hierarchy                  : As_Optimized
RTL Output                         : Yes
Global Optimization                : AllClockNets
Read Cores                         : YES
Write Timing Constraints           : NO
Cross Clock Analysis               : NO
Hierarchy Separator                : /
Bus Delimiter                      : <>
Case Specifier                     : Maintain
Slice Utilization Ratio            : 100
BRAM Utilization Ratio             : 100
Verilog 2001                       : YES
Auto BRAM Packing                  : NO
Slice Utilization Ratio Delta      : 5

=========================================================================


=========================================================================
*                          HDL Compilation                              *
=========================================================================
Compiling vhdl file "C:/Documents and Settings/Alumno/Escritorio/Practicas/ContadorHexa/ContadorHexa.vhd" in Library work.
Architecture arq_contadorhexa of Entity contadorhexa is up to date.

=========================================================================
*                     Design Hierarchy Analysis                         *
=========================================================================
Analyzing hierarchy for entity <ContadorHexa> in library <work> (architecture <arq_contadorhexa>).


=========================================================================
*                            HDL Analysis                               *
=========================================================================
Analyzing Entity <ContadorHexa> in library <work> (Architecture <arq_contadorhexa>).
Entity <ContadorHexa> analyzed. Unit <ContadorHexa> generated.


=========================================================================
*                           HDL Synthesis                               *
=========================================================================

Performing bidirectional port resolution...

Synthesizing Unit <ContadorHexa>.
    Related source file is "C:/Documents and Settings/Alumno/Escritorio/Practicas/ContadorHexa/ContadorHexa.vhd".
    Found 16x8-bit ROM for signal <y>.
    Found 1-bit register for signal <ledSal>.
    Found 4-bit up counter for signal <a>.
    Found 4-bit comparator less for signal <a$cmp_lt0000> created at line 63.
    Found 26-bit up counter for signal <cnt>.
    Found 5-bit comparator less for signal <ds$cmp_lt0000> created at line 72.
    Found 5-bit comparator less for signal <ds$cmp_lt0001> created at line 73.
    Found 5-bit comparator less for signal <ds$cmp_lt0002> created at line 75.
    Summary:
	inferred   1 ROM(s).
	inferred   2 Counter(s).
	inferred   1 D-type flip-flop(s).
	inferred   4 Comparator(s).
Unit <ContadorHexa> synthesized.


=========================================================================
HDL Synthesis Report

Macro Statistics
# ROMs                                                 : 1
 16x8-bit ROM                                          : 1
# Counters                                             : 2
 26-bit up counter                                     : 1
 4-bit up counter                                      : 1
# Registers                                            : 1
 1-bit register                                        : 1
# Comparators                                          : 4
 4-bit comparator less                                 : 1
 5-bit comparator less                                 : 3

=========================================================================

=========================================================================
*                       Advanced HDL Synthesis                          *
=========================================================================


=========================================================================
Advanced HDL Synthesis Report

Macro Statistics
# ROMs                                                 : 1
 16x8-bit ROM                                          : 1
# Counters                                             : 2
 26-bit up counter                                     : 1
 4-bit up counter                                      : 1
# Registers                                            : 1
 Flip-Flops                                            : 1
# Comparators                                          : 4
 4-bit comparator less                                 : 1
 5-bit comparator less                                 : 3

=========================================================================

=========================================================================
*                         Low Level Synthesis                           *
=========================================================================

Optimizing unit <ContadorHexa> ...

Mapping all equations...
Building and optimizing final netlist ...
Found area constraint ratio of 100 (+ 5) on block ContadorHexa, actual ratio is 0.

Final Macro Processing ...

=========================================================================
Final Register Report

Macro Statistics
# Registers                                            : 31
 Flip-Flops                                            : 31

=========================================================================

=========================================================================
*                           Partition Report                            *
=========================================================================

Partition Implementation Status
-------------------------------

  No Partitions were found in this design.

-------------------------------

=========================================================================
*                            Final Report                               *
=========================================================================
Final Results
RTL Top Level Output File Name     : ContadorHexa.ngr
Top Level Output File Name         : ContadorHexa
Output Format                      : NGC
Optimization Goal                  : Speed
Keep Hierarchy                     : No

Design Statistics
# IOs                              : 14

Cell Usage :
# BELS                             : 107
#      GND                         : 1
#      INV                         : 2
#      LUT1                        : 25
#      LUT2                        : 2
#      LUT3                        : 4
#      LUT4                        : 18
#      LUT4_L                      : 3
#      MUXCY                       : 25
#      VCC                         : 1
#      XORCY                       : 26
# FlipFlops/Latches                : 31
#      FD                          : 27
#      FDR                         : 4
# Clock Buffers                    : 1
#      BUFGP                       : 1
# IO Buffers                       : 13
#      OBUF                        : 13
=========================================================================

Device utilization summary:
---------------------------

Selected Device : 3s500efg320-5 

 Number of Slices:                       28  out of   4656     0%  
 Number of Slice Flip Flops:             31  out of   9312     0%  
 Number of 4 input LUTs:                 54  out of   9312     0%  
 Number of IOs:                          14
 Number of bonded IOBs:                  14  out of    232     6%  
 Number of GCLKs:                         1  out of     24     4%  

---------------------------
Partition Resource Summary:
---------------------------

  No Partitions were found in this design.

---------------------------


=========================================================================
TIMING REPORT

NOTE: THESE TIMING NUMBERS ARE ONLY A SYNTHESIS ESTIMATE.
      FOR ACCURATE TIMING INFORMATION PLEASE REFER TO THE TRACE REPORT
      GENERATED AFTER PLACE-and-ROUTE.

Clock Information:
------------------
-----------------------------------+------------------------+-------+
Clock Signal                       | Clock buffer(FF name)  | Load  |
-----------------------------------+------------------------+-------+
clk                                | BUFGP                  | 27    |
ledSal_OBUF                        | NONE(a_0)              | 4     |
-----------------------------------+------------------------+-------+
INFO:Xst:2169 - HDL ADVISOR - Some clock signals were not automatically buffered by XST with BUFG/BUFR resources. Please use the buffer_type constraint in order to insert these buffers to the clock signals to help prevent skew problems.

Asynchronous Control Signals Information:
----------------------------------------
No asynchronous control signals found in this design

Timing Summary:
---------------
Speed Grade: -5

   Minimum period: 4.213ns (Maximum Frequency: 237.335MHz)
   Minimum input arrival time before clock: No path found
   Maximum output required time after clock: 5.654ns
   Maximum combinational path delay: No path found

Timing Detail:
--------------
All values displayed in nanoseconds (ns)

=========================================================================
Timing constraint: Default period analysis for Clock 'clk'
  Clock period: 4.213ns (frequency: 237.335MHz)
  Total number of paths / destination ports: 388 / 27
-------------------------------------------------------------------------
Delay:               4.213ns (Levels of Logic = 26)
  Source:            cnt_24 (FF)
  Destination:       cnt_0 (FF)
  Source Clock:      clk rising
  Destination Clock: clk rising

  Data Path: cnt_24 to cnt_0
                                Gate     Net
    Cell:in->out      fanout   Delay   Delay  Logical Name (Net Name)
    ----------------------------------------  ------------
     FD:C->Q               2   0.514   0.532  cnt_24 (cnt_24)
     LUT1:I0->O            1   0.612   0.000  Mcount_cnt_cy<1>_rt (Mcount_cnt_cy<1>_rt)
     MUXCY:S->O            1   0.404   0.000  Mcount_cnt_cy<1> (Mcount_cnt_cy<1>)
     MUXCY:CI->O           1   0.052   0.000  Mcount_cnt_cy<2> (Mcount_cnt_cy<2>)
     MUXCY:CI->O           1   0.052   0.000  Mcount_cnt_cy<3> (Mcount_cnt_cy<3>)
     MUXCY:CI->O           1   0.052   0.000  Mcount_cnt_cy<4> (Mcount_cnt_cy<4>)
     MUXCY:CI->O           1   0.051   0.000  Mcount_cnt_cy<5> (Mcount_cnt_cy<5>)
     MUXCY:CI->O           1   0.051   0.000  Mcount_cnt_cy<6> (Mcount_cnt_cy<6>)
     MUXCY:CI->O           1   0.051   0.000  Mcount_cnt_cy<7> (Mcount_cnt_cy<7>)
     MUXCY:CI->O           1   0.051   0.000  Mcount_cnt_cy<8> (Mcount_cnt_cy<8>)
     MUXCY:CI->O           1   0.051   0.000  Mcount_cnt_cy<9> (Mcount_cnt_cy<9>)
     MUXCY:CI->O           1   0.051   0.000  Mcount_cnt_cy<10> (Mcount_cnt_cy<10>)
     MUXCY:CI->O           1   0.051   0.000  Mcount_cnt_cy<11> (Mcount_cnt_cy<11>)
     MUXCY:CI->O           1   0.051   0.000  Mcount_cnt_cy<12> (Mcount_cnt_cy<12>)
     MUXCY:CI->O           1   0.051   0.000  Mcount_cnt_cy<13> (Mcount_cnt_cy<13>)
     MUXCY:CI->O           1   0.051   0.000  Mcount_cnt_cy<14> (Mcount_cnt_cy<14>)
     MUXCY:CI->O           1   0.051   0.000  Mcount_cnt_cy<15> (Mcount_cnt_cy<15>)
     MUXCY:CI->O           1   0.051   0.000  Mcount_cnt_cy<16> (Mcount_cnt_cy<16>)
     MUXCY:CI->O           1   0.051   0.000  Mcount_cnt_cy<17> (Mcount_cnt_cy<17>)
     MUXCY:CI->O           1   0.051   0.000  Mcount_cnt_cy<18> (Mcount_cnt_cy<18>)
     MUXCY:CI->O           1   0.051   0.000  Mcount_cnt_cy<19> (Mcount_cnt_cy<19>)
     MUXCY:CI->O           1   0.051   0.000  Mcount_cnt_cy<20> (Mcount_cnt_cy<20>)
     MUXCY:CI->O           1   0.051   0.000  Mcount_cnt_cy<21> (Mcount_cnt_cy<21>)
     MUXCY:CI->O           1   0.051   0.000  Mcount_cnt_cy<22> (Mcount_cnt_cy<22>)
     MUXCY:CI->O           1   0.051   0.000  Mcount_cnt_cy<23> (Mcount_cnt_cy<23>)
     MUXCY:CI->O           0   0.051   0.000  Mcount_cnt_cy<24> (Mcount_cnt_cy<24>)
     XORCY:CI->O           1   0.699   0.000  Mcount_cnt_xor<25> (Result<25>)
     FD:D                      0.268          cnt_0
    ----------------------------------------
    Total                      4.213ns (3.682ns logic, 0.532ns route)
                                       (87.4% logic, 12.6% route)

=========================================================================
Timing constraint: Default period analysis for Clock 'ledSal_OBUF'
  Clock period: 3.408ns (frequency: 293.470MHz)
  Total number of paths / destination ports: 26 / 8
-------------------------------------------------------------------------
Delay:               3.408ns (Levels of Logic = 1)
  Source:            a_3 (FF)
  Destination:       a_0 (FF)
  Source Clock:      ledSal_OBUF rising
  Destination Clock: ledSal_OBUF rising

  Data Path: a_3 to a_0
                                Gate     Net
    Cell:in->out      fanout   Delay   Delay  Logical Name (Net Name)
    ----------------------------------------  ------------
     FDR:C->Q             13   0.514   0.988  a_3 (a_3)
     LUT4:I0->O            4   0.612   0.499  a_not00011 (a_not0001)
     FDR:R                     0.795          a_0
    ----------------------------------------
    Total                      3.408ns (1.921ns logic, 1.487ns route)
                                       (56.4% logic, 43.6% route)

=========================================================================
Timing constraint: Default OFFSET OUT AFTER for Clock 'clk'
  Total number of paths / destination ports: 1 / 1
-------------------------------------------------------------------------
Offset:              4.252ns (Levels of Logic = 1)
  Source:            ledSal (FF)
  Destination:       ledSal (PAD)
  Source Clock:      clk rising

  Data Path: ledSal to ledSal
                                Gate     Net
    Cell:in->out      fanout   Delay   Delay  Logical Name (Net Name)
    ----------------------------------------  ------------
     FD:C->Q               6   0.514   0.569  ledSal (ledSal_OBUF)
     OBUF:I->O                 3.169          ledSal_OBUF (ledSal)
    ----------------------------------------
    Total                      4.252ns (3.683ns logic, 0.569ns route)
                                       (86.6% logic, 13.4% route)

=========================================================================
Timing constraint: Default OFFSET OUT AFTER for Clock 'ledSal_OBUF'
  Total number of paths / destination ports: 39 / 11
-------------------------------------------------------------------------
Offset:              5.654ns (Levels of Logic = 2)
  Source:            a_1 (FF)
  Destination:       y<6> (PAD)
  Source Clock:      ledSal_OBUF rising

  Data Path: a_1 to y<6>
                                Gate     Net
    Cell:in->out      fanout   Delay   Delay  Logical Name (Net Name)
    ----------------------------------------  ------------
     FDR:C->Q             14   0.514   1.002  a_1 (a_1)
     LUT4:I0->O            1   0.612   0.357  Mrom_y21 (y_2_OBUF)
     OBUF:I->O                 3.169          y_2_OBUF (y<2>)
    ----------------------------------------
    Total                      5.654ns (4.295ns logic, 1.359ns route)
                                       (76.0% logic, 24.0% route)

=========================================================================


Total REAL time to Xst completion: 3.00 secs
Total CPU time to Xst completion: 2.91 secs
 
--> 

Total memory usage is 136224 kilobytes

Number of errors   :    0 (   0 filtered)
Number of warnings :    0 (   0 filtered)
Number of infos    :    1 (   0 filtered)

